104.245.97.236 - - [29/Sep/2015:21:15:18 -0400] "GET /xmlrpc.php HTTP/1.1" 404 162 "-" "-"
91.169.50.33 - - [29/Sep/2015:21:22:48 -0400] "GET http://testp3.pospr.waw.pl/testproxy.php HTTP/1.1" 404 136 "-" "Mozilla/5.0 (Windows NT 5.1; rv:32.0) Gecko/20100101 Firefox/31.0"
216.218.206.66 - - [30/Sep/2015:00:38:26 -0400] "GET / HTTP/1.1" 502 166 "-" "-"

169.50.3.171 - - [30/Sep/2015:05:28:54 -0400] "GET /xmlrpc.php HTTP/1.1" 404 162 "-" "-"
169.50.3.171 - - [30/Sep/2015:05:28:54 -0400] "" 400 0 "-" "-"